// Jest Snapshot v1, https://goo.gl/fbAQLP

exports[`DefaultHtmlTemplate renders default template 1`] = `
"<!DOCTYPE HTML>
<html lang="en">
	<head>
		<meta charset="UTF-8"/>
		<meta name="viewport" content="width=device-width, initial-scale=1.0"/>
		<title>
			test title
		</title>
	</head>
	<body>
	</body>
</html>"
`;
